
=== Step 1/8: Download sightings from GBIF
already done

=== Step 2/8: Check there are enough sightings (go/no-go)
# Data audit

Records after quality filter (all taxa): 31038

## Cyanea capillata: train=645 test=315 -> GO

Top sources (datasetKey):
```
datasetKey
50c9509d-22c7-4a22-a47d-8c48425ef4a7    657
38b4c89f-584c-41bb-bd8f-cd1def33e92f    254
963a6b96-4d22-4428-86e4-afee52cf4a8e     24
6ac3f774-d9fb-4796-b3e9-92bf6c81c084     14
a2d59875-d379-4753-b4f7-3c19002080a9      4
542b31ca-712f-43dd-8f1d-8eeefb88c9a3      3
8a863029-f435-446a-821e-275f4f641165      2
66f6192f-6cc0-45fd-a2d1-e76f5ae3eab2      2
```

Year x month:
```
date  1   2   3   4   5   6   7   8   9   10  11  12
date                                                
2015   0   0   0   0   0   0   8   7   3   0   0   0
2016   0   0   0   0   0   3   3   5   2   5   2   0
2017   4   1   0   0   0   1   4   2   2   3   2   0
2018   1   1   0   0   1   1   2   4   4   4   1   5
2019   3   1   1   0   1   5  12  14  14  12   6   7
2020   3   2   1   1  19  10  14   7   5   2   7   3
2021   4   1   1   1   6  11  13  37  19  13   4   9
2022  11   5   0   1   4  21  23  22  12  14   6   7
2023   2   0   6   1   8   6  12  27  12   4   5   3
2024   3   3   2   1   4   5  18  12  10   9   4  12
2025   7   4   1   0   4  21  12  28  37  10  10  10
2026   2   1   1   3  10  22  34  78  20   0   0   0
```

## Aurelia aurita: train=603 test=249 -> GO

Top sources (datasetKey):
```
datasetKey
50c9509d-22c7-4a22-a47d-8c48425ef4a7    514
38b4c89f-584c-41bb-bd8f-cd1def33e92f    236
8a863029-f435-446a-821e-275f4f641165     27
6ac3f774-d9fb-4796-b3e9-92bf6c81c084     23
963a6b96-4d22-4428-86e4-afee52cf4a8e     15
56d92b6b-308b-45a4-93d4-a41406c91de6     10
9a228813-6288-4aba-a8f8-480e425b5f62      8
542b31ca-712f-43dd-8f1d-8eeefb88c9a3      7
```

Year x month:
```
date  1   2   3   4   5   6   7   8   9   10  11  12
date                                                
2015   0   0   0   2   0   2  11   1   0   2   0   0
2016   0   0   0   0   3   8   8   9   7   1   2   0
2017   0   0   0   1   1   0   2   2   1   1   0   0
2018   0   0   0   0   0   3   5   6   5   1   1   1
2019   0   0   0   0   1  12   4   8   4   3   1   1
2020   1   5   2   1  25  34  12   6   3   3   0   2
2021   0   0   0   3  11  37   6  11   5   1   1   1
2022   0   0   0   3   9  40  40   1   4   4   1   1
2023   0   1   0   1  10  38   7   4   0   0   1   1
2024   0   0   0   0  10  44  34  14  31   3   6   5
2025   0   1   0   6  27  44  21   8   8   2   3  10
2026   0   0   0   4   5  46  36  21   7   0   0   0
```

--- done in 0 s

=== Step 3/8: Download ocean data (Copernicus Marine)
Ocean data complete.
--- done in 0 s

=== Step 4/8: Download wind data (ERA5)
--- done in 0 s

=== Step 5/8: Build grid and training tables
Cyanea capillata L=0: presence=857 (open water 486), background=4349
Cyanea capillata L=1: presence=857 (open water 486), background=4351
Cyanea capillata L=3: presence=858 (open water 487), background=4352
Cyanea capillata L=5: presence=859 (open water 488), background=4355
Cyanea capillata L=7: presence=862 (open water 490), background=4358
Cyanea capillata L=10: presence=862 (open water 490), background=4358
Aurelia aurita L=0: presence=716 (open water 409), background=4349
Aurelia aurita L=1: presence=718 (open water 410), background=4351
Aurelia aurita L=3: presence=718 (open water 410), background=4352
Aurelia aurita L=5: presence=718 (open water 410), background=4355
Aurelia aurita L=7: presence=718 (open water 410), background=4358
Aurelia aurita L=10: presence=718 (open water 410), background=4358
--- done in 1 s

=== Step 6/8: Choose features (training years only)
Cyanea capillata | ocean+wind: CV AUC 0.644 (calendar 0.679, 10 years)
Cyanea capillata | ocean+wind+season: CV AUC 0.705 (calendar 0.679, 10 years)
Cyanea capillata | ocean+wind(3d)+season: CV AUC 0.709 (calendar 0.679, 10 years)
Cyanea capillata | ocean+wind+season+distance to land: CV AUC 0.734 (calendar 0.679, 10 years)
Aurelia aurita | ocean+wind: CV AUC 0.709 (calendar 0.680, 9 years)
Aurelia aurita | ocean+wind+season: CV AUC 0.737 (calendar 0.680, 9 years)
Aurelia aurita | ocean+wind(3d)+season: CV AUC 0.736 (calendar 0.680, 9 years)
Aurelia aurita | ocean+wind+season+distance to land: CV AUC 0.754 (calendar 0.680, 9 years)
# Feature selection (training years only)

Leave-one-year-out cross-validation within 2015-2024, 5 days ahead. Each row is the average AUC over held-out training years. The 2025-2026 test seasons were not used.

| Feature set | Cyanea capillata | Aurelia aurita | Average |
|---|---|---|---|
| ocean+wind | 0.644 | 0.709 | 0.676 |
| ocean+wind+season | 0.705 | 0.737 | 0.721 |
| ocean+wind(3d)+season | 0.709 | 0.736 | 0.723 |
| ocean+wind+season+distance to land | 0.734 | 0.754 | 0.744 |
| Calendar only | 0.679 | 0.680 | 0.680 |

Chosen: **ocean+wind+season+distance to land**. Tested once on 2025-2026 in step 6.

--- done in 15 s

=== Step 7/8: Train and test the model
Cyanea capillata lead 0d: AUC 0.610 [0.574, 0.645] vs calendar 0.567 (test sightings 263, open water 146)
Cyanea capillata lead 1d: AUC 0.620 [0.582, 0.653] vs calendar 0.567 (test sightings 263, open water 146)
Cyanea capillata lead 3d: AUC 0.600 [0.559, 0.636] vs calendar 0.566 (test sightings 264, open water 147)
Cyanea capillata lead 5d: AUC 0.586 [0.548, 0.624] vs calendar 0.566 (test sightings 265, open water 148)
Cyanea capillata lead 7d: AUC 0.596 [0.556, 0.634] vs calendar 0.565 (test sightings 268, open water 150)
Cyanea capillata lead 10d: AUC 0.579 [0.540, 0.615] vs calendar 0.565 (test sightings 268, open water 150)
Aurelia aurita lead 0d: AUC 0.725 [0.687, 0.762] vs calendar 0.625 (test sightings 191, open water 99)
Aurelia aurita lead 1d: AUC 0.715 [0.678, 0.754] vs calendar 0.624 (test sightings 193, open water 100)
Aurelia aurita lead 3d: AUC 0.719 [0.680, 0.753] vs calendar 0.624 (test sightings 193, open water 100)
Aurelia aurita lead 5d: AUC 0.716 [0.677, 0.751] vs calendar 0.624 (test sightings 193, open water 100)
Aurelia aurita lead 7d: AUC 0.713 [0.674, 0.749] vs calendar 0.624 (test sightings 193, open water 100)
Aurelia aurita lead 10d: AUC 0.719 [0.681, 0.755] vs calendar 0.624 (test sightings 193, open water 100)
--- done in 10 s

=== Step 8/8: Build the website into docs/
# Results (generated by s07_build_site.py)

## Cyanea capillata (Lion's mane)
- Trained on: open-water sightings only (340 sighting-days, 2015-2024)

| Days ahead | AUC (95% CI) | Calendar only | Test sightings |
|---|---|---|---|
| 0 | 0.61 (0.57-0.64) | 0.57 | 263 |
| 1 | 0.62 (0.58-0.65) | 0.57 | 263 |
| 3 | 0.60 (0.56-0.64) | 0.57 | 264 |
| 5 | 0.59 (0.55-0.62) | 0.57 | 265 |
| 7 | 0.60 (0.56-0.63) | 0.56 | 268 |
| 10 | 0.58 (0.54-0.61) | 0.56 | 268 |

Open-water test sightings (>= 5 km from land): 148. AUC 0.58.
- 2025 season, 5 days ahead: 47 of 73 sightings (64%) in the top 20% of predicted waters (chance: 20%).
- 2026 season, 5 days ahead: 77 of 135 sightings (57%) in the top 20% of predicted waters (chance: 20%).

## Aurelia aurita (Moon jelly)
- Trained on: open-water sightings only (310 sighting-days, 2015-2024)

| Days ahead | AUC (95% CI) | Calendar only | Test sightings |
|---|---|---|---|
| 0 | 0.73 (0.69-0.76) | 0.62 | 191 |
| 1 | 0.72 (0.68-0.75) | 0.62 | 193 |
| 3 | 0.72 (0.68-0.75) | 0.62 | 193 |
| 5 | 0.72 (0.68-0.75) | 0.62 | 193 |
| 7 | 0.71 (0.67-0.75) | 0.62 | 193 |
| 10 | 0.72 (0.68-0.75) | 0.62 | 193 |

Open-water test sightings (>= 5 km from land): 100. AUC 0.70.
- 2025 season, 5 days ahead: 48 of 84 sightings (57%) in the top 20% of predicted waters (chance: 20%).
- 2026 season, 5 days ahead: 46 of 88 sightings (52%) in the top 20% of predicted waters (chance: 20%).

wrote /Users/diegoaml/Desktop/25352_bbi/jelly-alert/docs/index.html and /Users/diegoaml/Desktop/25352_bbi/jelly-alert/docs/about.html
--- done in 2 s

Finished. Open docs/index.html. Numbers for the report: outputs/results.md
